D:\Empeek\Test\Test\app\app.component.js
D:\Empeek\Test\Test\app\app.component.js.map
D:\Empeek\Test\Test\app\Service\product.service.js
D:\Empeek\Test\Test\app\Service\product.service.js.map
D:\Empeek\Test\Test\app\Models\product.js
D:\Empeek\Test\Test\app\Models\product.js.map
D:\Empeek\Test\Test\app\Shared\enum.js
D:\Empeek\Test\Test\app\Shared\enum.js.map
D:\Empeek\Test\Test\app\Shared\global.js
D:\Empeek\Test\Test\app\Shared\global.js.map
D:\Empeek\Test\Test\app\Service\pagination.service.js
D:\Empeek\Test\Test\app\Service\pagination.service.js.map
D:\Empeek\Test\Test\app\components\product.component.js
D:\Empeek\Test\Test\app\components\product.component.js.map
D:\Empeek\Test\Test\app\Service\statistic.service.js
D:\Empeek\Test\Test\app\Service\statistic.service.js.map
D:\Empeek\Test\Test\app\Models\typeCount.js
D:\Empeek\Test\Test\app\Models\typeCount.js.map
D:\Empeek\Test\Test\app\components\statistic.component.js
D:\Empeek\Test\Test\app\components\statistic.component.js.map
D:\Empeek\Test\Test\app\app.routing.js
D:\Empeek\Test\Test\app\app.routing.js.map
D:\Empeek\Test\Test\app\app.module.js
D:\Empeek\Test\Test\app\app.module.js.map
D:\Empeek\Test\Test\app\main.js
D:\Empeek\Test\Test\app\main.js.map
D:\Empeek\Test\Test\app\app.component.js
D:\Empeek\Test\Test\app\app.component.js.map
D:\Empeek\Test\Test\app\Service\product.service.js
D:\Empeek\Test\Test\app\Service\product.service.js.map
D:\Empeek\Test\Test\app\Models\product.js
D:\Empeek\Test\Test\app\Models\product.js.map
D:\Empeek\Test\Test\app\Shared\enum.js
D:\Empeek\Test\Test\app\Shared\enum.js.map
D:\Empeek\Test\Test\app\Shared\global.js
D:\Empeek\Test\Test\app\Shared\global.js.map
D:\Empeek\Test\Test\app\Service\pagination.service.js
D:\Empeek\Test\Test\app\Service\pagination.service.js.map
D:\Empeek\Test\Test\app\components\product.component.js
D:\Empeek\Test\Test\app\components\product.component.js.map
D:\Empeek\Test\Test\app\Service\statistic.service.js
D:\Empeek\Test\Test\app\Service\statistic.service.js.map
D:\Empeek\Test\Test\app\Models\typeCount.js
D:\Empeek\Test\Test\app\Models\typeCount.js.map
D:\Empeek\Test\Test\app\components\statistic.component.js
D:\Empeek\Test\Test\app\components\statistic.component.js.map
D:\Empeek\Test\Test\app\app.routing.js
D:\Empeek\Test\Test\app\app.routing.js.map
D:\Empeek\Test\Test\app\app.module.js
D:\Empeek\Test\Test\app\app.module.js.map
D:\Empeek\Test\Test\app\main.js
D:\Empeek\Test\Test\app\main.js.map
D:\Empeek\Test\Test\app\app.component.js
D:\Empeek\Test\Test\app\app.component.js.map
D:\Empeek\Test\Test\app\Service\product.service.js
D:\Empeek\Test\Test\app\Service\product.service.js.map
D:\Empeek\Test\Test\app\Models\product.js
D:\Empeek\Test\Test\app\Models\product.js.map
D:\Empeek\Test\Test\app\Shared\enum.js
D:\Empeek\Test\Test\app\Shared\enum.js.map
D:\Empeek\Test\Test\app\Shared\global.js
D:\Empeek\Test\Test\app\Shared\global.js.map
D:\Empeek\Test\Test\app\Service\pagination.service.js
D:\Empeek\Test\Test\app\Service\pagination.service.js.map
D:\Empeek\Test\Test\app\components\product.component.js
D:\Empeek\Test\Test\app\components\product.component.js.map
D:\Empeek\Test\Test\app\Service\statistic.service.js
D:\Empeek\Test\Test\app\Service\statistic.service.js.map
D:\Empeek\Test\Test\app\Models\typeCount.js
D:\Empeek\Test\Test\app\Models\typeCount.js.map
D:\Empeek\Test\Test\app\components\statistic.component.js
D:\Empeek\Test\Test\app\components\statistic.component.js.map
D:\Empeek\Test\Test\app\app.routing.js
D:\Empeek\Test\Test\app\app.routing.js.map
D:\Empeek\Test\Test\app\app.module.js
D:\Empeek\Test\Test\app\app.module.js.map
D:\Empeek\Test\Test\app\main.js
D:\Empeek\Test\Test\app\main.js.map
D:\Empeek\Test\Test\app\app.component.js
D:\Empeek\Test\Test\app\app.component.js.map
D:\Empeek\Test\Test\app\Service\product.service.js
D:\Empeek\Test\Test\app\Service\product.service.js.map
D:\Empeek\Test\Test\app\Models\product.js
D:\Empeek\Test\Test\app\Models\product.js.map
D:\Empeek\Test\Test\app\Shared\enum.js
D:\Empeek\Test\Test\app\Shared\enum.js.map
D:\Empeek\Test\Test\app\Shared\global.js
D:\Empeek\Test\Test\app\Shared\global.js.map
D:\Empeek\Test\Test\app\Service\pagination.service.js
D:\Empeek\Test\Test\app\Service\pagination.service.js.map
D:\Empeek\Test\Test\app\components\product.component.js
D:\Empeek\Test\Test\app\components\product.component.js.map
D:\Empeek\Test\Test\app\Service\statistic.service.js
D:\Empeek\Test\Test\app\Service\statistic.service.js.map
D:\Empeek\Test\Test\app\Models\typeCount.js
D:\Empeek\Test\Test\app\Models\typeCount.js.map
D:\Empeek\Test\Test\app\components\statistic.component.js
D:\Empeek\Test\Test\app\components\statistic.component.js.map
D:\Empeek\Test\Test\app\app.routing.js
D:\Empeek\Test\Test\app\app.routing.js.map
D:\Empeek\Test\Test\app\app.module.js
D:\Empeek\Test\Test\app\app.module.js.map
D:\Empeek\Test\Test\app\main.js
D:\Empeek\Test\Test\app\main.js.map
